#! /usr/bin/vvp
:ivl_version "12.0 (stable)";
:ivl_delay_selection "TYPICAL";
:vpi_time_precision + 0;
:vpi_module "/usr/lib/x86_64-linux-gnu/ivl/system.vpi";
:vpi_module "/usr/lib/x86_64-linux-gnu/ivl/vhdl_sys.vpi";
:vpi_module "/usr/lib/x86_64-linux-gnu/ivl/vhdl_textio.vpi";
:vpi_module "/usr/lib/x86_64-linux-gnu/ivl/v2005_math.vpi";
:vpi_module "/usr/lib/x86_64-linux-gnu/ivl/va_math.vpi";
S_0x6343232025a0 .scope module, "test" "test" 2 1;
 .timescale 0 0;
v0x6343232287c0_0 .var "d", 0 0;
v0x6343232288d0_0 .var/i "i", 31 0;
v0x6343232289b0_0 .var "s", 3 0;
v0x634323228a70_0 .net "y", 15 0, L_0x63432322bf80;  1 drivers
L_0x63432322c600 .part v0x6343232289b0_0, 3, 1;
L_0x63432322c6a0 .part v0x6343232289b0_0, 2, 1;
L_0x63432322c790 .part v0x6343232289b0_0, 1, 1;
L_0x63432322c830 .part v0x6343232289b0_0, 0, 1;
S_0x634323206990 .scope module, "uut" "demux1x16" 2 10, 3 2 0, S_0x6343232025a0;
 .timescale 0 0;
    .port_info 0 /INPUT 1 "d";
    .port_info 1 /INPUT 1 "s3";
    .port_info 2 /INPUT 1 "s2";
    .port_info 3 /INPUT 1 "s1";
    .port_info 4 /INPUT 1 "s0";
    .port_info 5 /OUTPUT 16 "y";
v0x634323227eb0_0 .net "d", 0 0, v0x6343232287c0_0;  1 drivers
v0x634323227f70_0 .net "s0", 0 0, L_0x63432322c830;  1 drivers
v0x6343232280a0_0 .net "s1", 0 0, L_0x63432322c790;  1 drivers
v0x6343232281d0_0 .net "s2", 0 0, L_0x63432322c6a0;  1 drivers
v0x6343232282a0_0 .net "s3", 0 0, L_0x63432322c600;  1 drivers
v0x634323228340_0 .net "w0", 0 0, L_0x634323228d90;  1 drivers
v0x6343232283e0_0 .net "w1", 0 0, L_0x634323229080;  1 drivers
v0x634323228480_0 .net "w2", 0 0, L_0x6343232293b0;  1 drivers
v0x634323228570_0 .net "w3", 0 0, L_0x634323229510;  1 drivers
v0x6343232286a0_0 .net "y", 15 0, L_0x63432322bf80;  alias, 1 drivers
LS_0x63432322bf80_0_0 .concat8 [ 1 1 1 1], L_0x634323229810, L_0x634323229ac0, L_0x634323229cb0, L_0x634323229e90;
LS_0x63432322bf80_0_4 .concat8 [ 1 1 1 1], L_0x63432322a0c0, L_0x63432322a370, L_0x63432322a560, L_0x63432322a770;
LS_0x63432322bf80_0_8 .concat8 [ 1 1 1 1], L_0x63432322a9d0, L_0x63432322acb0, L_0x63432322aea0, L_0x63432322b2c0;
LS_0x63432322bf80_0_12 .concat8 [ 1 1 1 1], L_0x63432322b7c0, L_0x63432322baa0, L_0x63432322bc90, L_0x63432322bea0;
L_0x63432322bf80 .concat8 [ 4 4 4 4], LS_0x63432322bf80_0_0, LS_0x63432322bf80_0_4, LS_0x63432322bf80_0_8, LS_0x63432322bf80_0_12;
S_0x6343232033f0 .scope module, "d0" "demux1x4" 3 12, 4 1 0, S_0x634323206990;
 .timescale 0 0;
    .port_info 0 /INPUT 1 "d";
    .port_info 1 /INPUT 1 "s1";
    .port_info 2 /INPUT 1 "s0";
    .port_info 3 /OUTPUT 1 "y0";
    .port_info 4 /OUTPUT 1 "y1";
    .port_info 5 /OUTPUT 1 "y2";
    .port_info 6 /OUTPUT 1 "y3";
L_0x634323228b30 .functor NOT 1, L_0x63432322c600, C4<0>, C4<0>, C4<0>;
L_0x634323228bf0 .functor AND 1, v0x6343232287c0_0, L_0x634323228b30, C4<1>, C4<1>;
L_0x634323228cd0 .functor NOT 1, L_0x63432322c6a0, C4<0>, C4<0>, C4<0>;
L_0x634323228d90 .functor AND 1, L_0x634323228bf0, L_0x634323228cd0, C4<1>, C4<1>;
L_0x634323228ed0 .functor NOT 1, L_0x63432322c600, C4<0>, C4<0>, C4<0>;
L_0x634323228f40 .functor AND 1, v0x6343232287c0_0, L_0x634323228ed0, C4<1>, C4<1>;
L_0x634323229080 .functor AND 1, L_0x634323228f40, L_0x63432322c6a0, C4<1>, C4<1>;
L_0x634323229140 .functor AND 1, v0x6343232287c0_0, L_0x63432322c600, C4<1>, C4<1>;
L_0x6343232292b0 .functor NOT 1, L_0x63432322c6a0, C4<0>, C4<0>, C4<0>;
L_0x6343232293b0 .functor AND 1, L_0x634323229140, L_0x6343232292b0, C4<1>, C4<1>;
L_0x634323229480 .functor AND 1, v0x6343232287c0_0, L_0x63432322c600, C4<1>, C4<1>;
L_0x634323229510 .functor AND 1, L_0x634323229480, L_0x63432322c6a0, C4<1>, C4<1>;
v0x6343231f15a0_0 .net *"_ivl_0", 0 0, L_0x634323228b30;  1 drivers
v0x6343231f1290_0 .net *"_ivl_10", 0 0, L_0x634323228f40;  1 drivers
v0x6343231f0f80_0 .net *"_ivl_14", 0 0, L_0x634323229140;  1 drivers
v0x6343232233a0_0 .net *"_ivl_16", 0 0, L_0x6343232292b0;  1 drivers
v0x634323223480_0 .net *"_ivl_2", 0 0, L_0x634323228bf0;  1 drivers
v0x6343232235b0_0 .net *"_ivl_20", 0 0, L_0x634323229480;  1 drivers
v0x634323223690_0 .net *"_ivl_4", 0 0, L_0x634323228cd0;  1 drivers
v0x634323223770_0 .net *"_ivl_8", 0 0, L_0x634323228ed0;  1 drivers
v0x634323223850_0 .net "d", 0 0, v0x6343232287c0_0;  alias, 1 drivers
v0x634323223910_0 .net "s0", 0 0, L_0x63432322c6a0;  alias, 1 drivers
v0x6343232239d0_0 .net "s1", 0 0, L_0x63432322c600;  alias, 1 drivers
v0x634323223a90_0 .net "y0", 0 0, L_0x634323228d90;  alias, 1 drivers
v0x634323223b50_0 .net "y1", 0 0, L_0x634323229080;  alias, 1 drivers
v0x634323223c10_0 .net "y2", 0 0, L_0x6343232293b0;  alias, 1 drivers
v0x634323223cd0_0 .net "y3", 0 0, L_0x634323229510;  alias, 1 drivers
S_0x634323223e70 .scope module, "d1" "demux1x4" 3 16, 4 1 0, S_0x634323206990;
 .timescale 0 0;
    .port_info 0 /INPUT 1 "d";
    .port_info 1 /INPUT 1 "s1";
    .port_info 2 /INPUT 1 "s0";
    .port_info 3 /OUTPUT 1 "y0";
    .port_info 4 /OUTPUT 1 "y1";
    .port_info 5 /OUTPUT 1 "y2";
    .port_info 6 /OUTPUT 1 "y3";
L_0x6343232295f0 .functor NOT 1, L_0x63432322c790, C4<0>, C4<0>, C4<0>;
L_0x634323229680 .functor AND 1, L_0x634323228d90, L_0x6343232295f0, C4<1>, C4<1>;
L_0x6343232297a0 .functor NOT 1, L_0x63432322c830, C4<0>, C4<0>, C4<0>;
L_0x634323229810 .functor AND 1, L_0x634323229680, L_0x6343232297a0, C4<1>, C4<1>;
L_0x634323229950 .functor NOT 1, L_0x63432322c790, C4<0>, C4<0>, C4<0>;
L_0x6343232299c0 .functor AND 1, L_0x634323228d90, L_0x634323229950, C4<1>, C4<1>;
L_0x634323229ac0 .functor AND 1, L_0x6343232299c0, L_0x63432322c830, C4<1>, C4<1>;
L_0x634323229b80 .functor AND 1, L_0x634323228d90, L_0x63432322c790, C4<1>, C4<1>;
L_0x634323229c40 .functor NOT 1, L_0x63432322c830, C4<0>, C4<0>, C4<0>;
L_0x634323229cb0 .functor AND 1, L_0x634323229b80, L_0x634323229c40, C4<1>, C4<1>;
L_0x634323229e20 .functor AND 1, L_0x634323228d90, L_0x63432322c790, C4<1>, C4<1>;
L_0x634323229e90 .functor AND 1, L_0x634323229e20, L_0x63432322c830, C4<1>, C4<1>;
v0x6343232240d0_0 .net *"_ivl_0", 0 0, L_0x6343232295f0;  1 drivers
v0x6343232241b0_0 .net *"_ivl_10", 0 0, L_0x6343232299c0;  1 drivers
v0x634323224290_0 .net *"_ivl_14", 0 0, L_0x634323229b80;  1 drivers
v0x634323224350_0 .net *"_ivl_16", 0 0, L_0x634323229c40;  1 drivers
v0x634323224430_0 .net *"_ivl_2", 0 0, L_0x634323229680;  1 drivers
v0x634323224560_0 .net *"_ivl_20", 0 0, L_0x634323229e20;  1 drivers
v0x634323224640_0 .net *"_ivl_4", 0 0, L_0x6343232297a0;  1 drivers
v0x634323224720_0 .net *"_ivl_8", 0 0, L_0x634323229950;  1 drivers
v0x634323224800_0 .net "d", 0 0, L_0x634323228d90;  alias, 1 drivers
v0x634323224930_0 .net "s0", 0 0, L_0x63432322c830;  alias, 1 drivers
v0x6343232249d0_0 .net "s1", 0 0, L_0x63432322c790;  alias, 1 drivers
v0x634323224a90_0 .net "y0", 0 0, L_0x634323229810;  1 drivers
v0x634323224b50_0 .net "y1", 0 0, L_0x634323229ac0;  1 drivers
v0x634323224c10_0 .net "y2", 0 0, L_0x634323229cb0;  1 drivers
v0x634323224cd0_0 .net "y3", 0 0, L_0x634323229e90;  1 drivers
S_0x634323224e70 .scope module, "d2" "demux1x4" 3 18, 4 1 0, S_0x634323206990;
 .timescale 0 0;
    .port_info 0 /INPUT 1 "d";
    .port_info 1 /INPUT 1 "s1";
    .port_info 2 /INPUT 1 "s0";
    .port_info 3 /OUTPUT 1 "y0";
    .port_info 4 /OUTPUT 1 "y1";
    .port_info 5 /OUTPUT 1 "y2";
    .port_info 6 /OUTPUT 1 "y3";
L_0x634323229f70 .functor NOT 1, L_0x63432322c790, C4<0>, C4<0>, C4<0>;
L_0x634323229fe0 .functor AND 1, L_0x634323229080, L_0x634323229f70, C4<1>, C4<1>;
L_0x63432322a050 .functor NOT 1, L_0x63432322c830, C4<0>, C4<0>, C4<0>;
L_0x63432322a0c0 .functor AND 1, L_0x634323229fe0, L_0x63432322a050, C4<1>, C4<1>;
L_0x63432322a200 .functor NOT 1, L_0x63432322c790, C4<0>, C4<0>, C4<0>;
L_0x63432322a270 .functor AND 1, L_0x634323229080, L_0x63432322a200, C4<1>, C4<1>;
L_0x63432322a370 .functor AND 1, L_0x63432322a270, L_0x63432322c830, C4<1>, C4<1>;
L_0x63432322a430 .functor AND 1, L_0x634323229080, L_0x63432322c790, C4<1>, C4<1>;
L_0x63432322a4f0 .functor NOT 1, L_0x63432322c830, C4<0>, C4<0>, C4<0>;
L_0x63432322a560 .functor AND 1, L_0x63432322a430, L_0x63432322a4f0, C4<1>, C4<1>;
L_0x63432322a700 .functor AND 1, L_0x634323229080, L_0x63432322c790, C4<1>, C4<1>;
L_0x63432322a770 .functor AND 1, L_0x63432322a700, L_0x63432322c830, C4<1>, C4<1>;
v0x6343232250b0_0 .net *"_ivl_0", 0 0, L_0x634323229f70;  1 drivers
v0x634323225190_0 .net *"_ivl_10", 0 0, L_0x63432322a270;  1 drivers
v0x634323225270_0 .net *"_ivl_14", 0 0, L_0x63432322a430;  1 drivers
v0x634323225330_0 .net *"_ivl_16", 0 0, L_0x63432322a4f0;  1 drivers
v0x634323225410_0 .net *"_ivl_2", 0 0, L_0x634323229fe0;  1 drivers
v0x634323225540_0 .net *"_ivl_20", 0 0, L_0x63432322a700;  1 drivers
v0x634323225620_0 .net *"_ivl_4", 0 0, L_0x63432322a050;  1 drivers
v0x634323225700_0 .net *"_ivl_8", 0 0, L_0x63432322a200;  1 drivers
v0x6343232257e0_0 .net "d", 0 0, L_0x634323229080;  alias, 1 drivers
v0x634323225910_0 .net "s0", 0 0, L_0x63432322c830;  alias, 1 drivers
v0x6343232259b0_0 .net "s1", 0 0, L_0x63432322c790;  alias, 1 drivers
v0x634323225a50_0 .net "y0", 0 0, L_0x63432322a0c0;  1 drivers
v0x634323225af0_0 .net "y1", 0 0, L_0x63432322a370;  1 drivers
v0x634323225b90_0 .net "y2", 0 0, L_0x63432322a560;  1 drivers
v0x634323225c30_0 .net "y3", 0 0, L_0x63432322a770;  1 drivers
S_0x634323225dd0 .scope module, "d3" "demux1x4" 3 20, 4 1 0, S_0x634323206990;
 .timescale 0 0;
    .port_info 0 /INPUT 1 "d";
    .port_info 1 /INPUT 1 "s1";
    .port_info 2 /INPUT 1 "s0";
    .port_info 3 /OUTPUT 1 "y0";
    .port_info 4 /OUTPUT 1 "y1";
    .port_info 5 /OUTPUT 1 "y2";
    .port_info 6 /OUTPUT 1 "y3";
L_0x63432322a850 .functor NOT 1, L_0x63432322c790, C4<0>, C4<0>, C4<0>;
L_0x63432322a8c0 .functor AND 1, L_0x6343232293b0, L_0x63432322a850, C4<1>, C4<1>;
L_0x63432322a960 .functor NOT 1, L_0x63432322c830, C4<0>, C4<0>, C4<0>;
L_0x63432322a9d0 .functor AND 1, L_0x63432322a8c0, L_0x63432322a960, C4<1>, C4<1>;
L_0x63432322ab40 .functor NOT 1, L_0x63432322c790, C4<0>, C4<0>, C4<0>;
L_0x63432322abb0 .functor AND 1, L_0x6343232293b0, L_0x63432322ab40, C4<1>, C4<1>;
L_0x63432322acb0 .functor AND 1, L_0x63432322abb0, L_0x63432322c830, C4<1>, C4<1>;
L_0x63432322ad70 .functor AND 1, L_0x6343232293b0, L_0x63432322c790, C4<1>, C4<1>;
L_0x63432322ae30 .functor NOT 1, L_0x63432322c830, C4<0>, C4<0>, C4<0>;
L_0x63432322aea0 .functor AND 1, L_0x63432322ad70, L_0x63432322ae30, C4<1>, C4<1>;
L_0x63432322b040 .functor AND 1, L_0x6343232293b0, L_0x63432322c790, C4<1>, C4<1>;
L_0x63432322b2c0 .functor AND 1, L_0x63432322b040, L_0x63432322c830, C4<1>, C4<1>;
v0x634323226010_0 .net *"_ivl_0", 0 0, L_0x63432322a850;  1 drivers
v0x634323226110_0 .net *"_ivl_10", 0 0, L_0x63432322abb0;  1 drivers
v0x6343232261f0_0 .net *"_ivl_14", 0 0, L_0x63432322ad70;  1 drivers
v0x6343232262e0_0 .net *"_ivl_16", 0 0, L_0x63432322ae30;  1 drivers
v0x6343232263c0_0 .net *"_ivl_2", 0 0, L_0x63432322a8c0;  1 drivers
v0x6343232264f0_0 .net *"_ivl_20", 0 0, L_0x63432322b040;  1 drivers
v0x6343232265d0_0 .net *"_ivl_4", 0 0, L_0x63432322a960;  1 drivers
v0x6343232266b0_0 .net *"_ivl_8", 0 0, L_0x63432322ab40;  1 drivers
v0x634323226790_0 .net "d", 0 0, L_0x6343232293b0;  alias, 1 drivers
v0x6343232268c0_0 .net "s0", 0 0, L_0x63432322c830;  alias, 1 drivers
v0x634323226960_0 .net "s1", 0 0, L_0x63432322c790;  alias, 1 drivers
v0x634323226a50_0 .net "y0", 0 0, L_0x63432322a9d0;  1 drivers
v0x634323226af0_0 .net "y1", 0 0, L_0x63432322acb0;  1 drivers
v0x634323226bb0_0 .net "y2", 0 0, L_0x63432322aea0;  1 drivers
v0x634323226c70_0 .net "y3", 0 0, L_0x63432322b2c0;  1 drivers
S_0x634323226e10 .scope module, "d4" "demux1x4" 3 22, 4 1 0, S_0x634323206990;
 .timescale 0 0;
    .port_info 0 /INPUT 1 "d";
    .port_info 1 /INPUT 1 "s1";
    .port_info 2 /INPUT 1 "s0";
    .port_info 3 /OUTPUT 1 "y0";
    .port_info 4 /OUTPUT 1 "y1";
    .port_info 5 /OUTPUT 1 "y2";
    .port_info 6 /OUTPUT 1 "y3";
L_0x63432322b5b0 .functor NOT 1, L_0x63432322c790, C4<0>, C4<0>, C4<0>;
L_0x63432322b620 .functor AND 1, L_0x634323229510, L_0x63432322b5b0, C4<1>, C4<1>;
L_0x63432322b750 .functor NOT 1, L_0x63432322c830, C4<0>, C4<0>, C4<0>;
L_0x63432322b7c0 .functor AND 1, L_0x63432322b620, L_0x63432322b750, C4<1>, C4<1>;
L_0x63432322b930 .functor NOT 1, L_0x63432322c790, C4<0>, C4<0>, C4<0>;
L_0x63432322b9a0 .functor AND 1, L_0x634323229510, L_0x63432322b930, C4<1>, C4<1>;
L_0x63432322baa0 .functor AND 1, L_0x63432322b9a0, L_0x63432322c830, C4<1>, C4<1>;
L_0x63432322bb60 .functor AND 1, L_0x634323229510, L_0x63432322c790, C4<1>, C4<1>;
L_0x63432322bc20 .functor NOT 1, L_0x63432322c830, C4<0>, C4<0>, C4<0>;
L_0x63432322bc90 .functor AND 1, L_0x63432322bb60, L_0x63432322bc20, C4<1>, C4<1>;
L_0x63432322be30 .functor AND 1, L_0x634323229510, L_0x63432322c790, C4<1>, C4<1>;
L_0x63432322bea0 .functor AND 1, L_0x63432322be30, L_0x63432322c830, C4<1>, C4<1>;
v0x6343232270f0_0 .net *"_ivl_0", 0 0, L_0x63432322b5b0;  1 drivers
v0x6343232271f0_0 .net *"_ivl_10", 0 0, L_0x63432322b9a0;  1 drivers
v0x6343232272d0_0 .net *"_ivl_14", 0 0, L_0x63432322bb60;  1 drivers
v0x634323227390_0 .net *"_ivl_16", 0 0, L_0x63432322bc20;  1 drivers
v0x634323227470_0 .net *"_ivl_2", 0 0, L_0x63432322b620;  1 drivers
v0x6343232275a0_0 .net *"_ivl_20", 0 0, L_0x63432322be30;  1 drivers
v0x634323227680_0 .net *"_ivl_4", 0 0, L_0x63432322b750;  1 drivers
v0x634323227760_0 .net *"_ivl_8", 0 0, L_0x63432322b930;  1 drivers
v0x634323227840_0 .net "d", 0 0, L_0x634323229510;  alias, 1 drivers
v0x634323227970_0 .net "s0", 0 0, L_0x63432322c830;  alias, 1 drivers
v0x634323227a10_0 .net "s1", 0 0, L_0x63432322c790;  alias, 1 drivers
v0x634323227ab0_0 .net "y0", 0 0, L_0x63432322b7c0;  1 drivers
v0x634323227b50_0 .net "y1", 0 0, L_0x63432322baa0;  1 drivers
v0x634323227c10_0 .net "y2", 0 0, L_0x63432322bc90;  1 drivers
v0x634323227cd0_0 .net "y3", 0 0, L_0x63432322bea0;  1 drivers
    .scope S_0x6343232025a0;
T_0 ;
    %vpi_call 2 17 "$dumpfile", "wave.vcd" {0 0 0};
    %vpi_call 2 18 "$dumpvars", 32'sb00000000000000000000000000000000, S_0x6343232025a0 {0 0 0};
    %pushi/vec4 1, 0, 1;
    %store/vec4 v0x6343232287c0_0, 0, 1;
    %pushi/vec4 0, 0, 32;
    %store/vec4 v0x6343232288d0_0, 0, 32;
T_0.0 ;
    %load/vec4 v0x6343232288d0_0;
    %cmpi/s 16, 0, 32;
    %jmp/0xz T_0.1, 5;
    %load/vec4 v0x6343232288d0_0;
    %pad/s 4;
    %store/vec4 v0x6343232289b0_0, 0, 4;
    %delay 10, 0;
    %load/vec4 v0x6343232288d0_0;
    %addi 1, 0, 32;
    %store/vec4 v0x6343232288d0_0, 0, 32;
    %jmp T_0.0;
T_0.1 ;
    %vpi_call 2 28 "$finish" {0 0 0};
    %end;
    .thread T_0;
# The file index is used to find the file name in the following table.
:file_names 5;
    "N/A";
    "<interactive>";
    "demux1x16_tb.v";
    "demux1x16.v";
    "demux1x4.v";
